../Core/Src/temp_sensor.c:14:6:temperature_sensor_init	8	static
../Core/Src/temp_sensor.c:18:6:GPIO_WritePin	16	static
../Core/Src/temp_sensor.c:22:15:GPIO_ReadPin	8	static
../Core/Src/temp_sensor.c:26:6:set_GPIO_input	32	static
../Core/Src/temp_sensor.c:34:6:set_GPIO_output	32	static
../Core/Src/temp_sensor.c:43:6:delay	24	static
../Core/Src/temp_sensor.c:48:19:get_temperature_sensor_data	48	static
../Core/Src/temp_sensor.c:103:9:get_temperature_sensor_temperature	16	static
../Core/Src/temp_sensor.c:107:9:get_temperature_sensor_rel_humidity	16	static
