10:35:24 **** Incremental Build of configuration Debug for project homeAsistant ****
make -j9 all 
arm-none-eabi-gcc "../Core/Src/main.c" -mcpu=cortex-m4 -std=gnu11 -g3 -DDEBUG -DUSE_HAL_DRIVER -DSTM32F302x8 -c -I../Core/Inc -I../Drivers/STM32F3xx_HAL_Driver/Inc/Legacy -I../Drivers/STM32F3xx_HAL_Driver/Inc -I../Drivers/CMSIS/Device/ST/STM32F3xx/Include -I../Drivers/CMSIS/Include -O0 -ffunction-sections -fdata-sections -Wall -fstack-usage -fcyclomatic-complexity -MMD -MP -MF"Core/Src/main.d" -MT"Core/Src/main.o" --specs=nano.specs -mfpu=fpv4-sp-d16 -mfloat-abi=hard -mthumb -o "Core/Src/main.o"
../Core/Src/main.c: In function 'LCD_display_error':
../Core/Src/main.c:325:9: warning: implicit declaration of function 'LCD_SendCommand' [-Wimplicit-function-declaration]
  325 |         LCD_SendCommand(0b10000000);
      |         ^~~~~~~~~~~~~~~
../Core/Src/main.c:326:9: warning: implicit declaration of function 'LCD_SendString' [-Wimplicit-function-declaration]
  326 |         LCD_SendString(error_message);
      |         ^~~~~~~~~~~~~~
../Core/Src/main.c:333:9: warning: implicit declaration of function 'LCD_Clear'; did you mean 'Lcd_clear'? [-Wimplicit-function-declaration]
  333 |         LCD_Clear();
      |         ^~~~~~~~~
      |         Lcd_clear
arm-none-eabi-gcc -o "homeAsistant.elf" @"objects.list"   -mcpu=cortex-m4 -T"/Users/aliacan/STM32CubeIDE/homeAsistant/homeAsistant/STM32F302R8TX_FLASH.ld" --specs=nosys.specs -Wl,-Map="homeAsistant.map" -Wl,--gc-sections -static --specs=nano.specs -mfpu=fpv4-sp-d16 -mfloat-abi=hard -mthumb -Wl,--start-group -lc -lm -Wl,--end-group
Finished building target: homeAsistant.elf
 
arm-none-eabi-size  homeAsistant.elf 
arm-none-eabi-objdump -h -S homeAsistant.elf  > "homeAsistant.list"
   text	   data	    bss	    dec	    hex	filename
  14824	    100	   2060	  16984	   4258	homeAsistant.elf
Finished building: default.size.stdout
 
Finished building: homeAsistant.list
 

10:35:25 Build Finished. 0 errors, 3 warnings. (took 528ms)

